###参考文章:https://www.liaoxuefeng.com/wiki/0013739516305929606dd18361248578c67b8067c8c017b000/00137396287703354d8c6c01c904c7d9ff056ae23da865a000

###下载安装Git
	* 下载网站
		https://git-scm.com/downloads
		网速慢可以使用国内镜像(https://pan.baidu.com/s/1kU5OCOB#list/path=%2Fpub%2Fgit)
	
	* 安装完成后,在菜单里找到"Git" -> "Git Bash",蹦出一个类似命令行窗口的东西,就说明Git安装成功!
	
	* 安装完成后,还需要最后一步设置,在命令行输入:
	$ git config --global user.name "Your Name"
	$ git config --global user.email "email"
	
###创建版本库
	* 版本库介绍:
		版本库又名仓库,英文名repository,可以简单理解成一个目录,这个目录里面的所有文件都可以被Git管理起来,每个文件的修改、删除、
		Git都能跟踪，以便任何时刻都可以追踪历史,或者在将来某个时刻可以"还原"
		
	* 创建版本库:
		1. 创建一个目录非常简单,首先,选择一个合适的地方,创建一个空目录:
			`
			$ mkdir learngit		(创建一个项目)
			$ cd learngit			(去到项目中)
			$ pwd					(查看目录)
			`
			如果你使用Windows系统，为了避免遇到各种莫名其妙的问题，请确保目录名（包括父目录）不包含中文。
	
		2. 通过[git init]命令把这个目录编程Git可以管理的仓库:
			`
			$ git init
			`
			仓库就创建好了,而且告诉你是一个空仓库(empty Git repository),细心的读者可以发现当前目录下又多了一个[.git]的目录,这个目录是
			Git来跟踪管理版本库的,没事不要受到能够修改这个目录里的文件,不然改乱了,就把Git仓库给破坏了.
			
	* 把文件添加到版本库
		1. 在learngit目录下创建一个readme.txt文件
			注意:一定要放到learngit目录下（子目录也行），因为这是一个Git仓库，放到其他地方Git再厉害也找不到这个文件。
	
		再通过两步将readme.txt放到Git仓库:
		2. 用命令[git add]告诉Git,把文件添加到仓库:
			`
			$ git add readme.txt
			`	
			执行上面的命令,没有任何显示,这就对了,Unix的哲学是"没有消息就是好消息",说明添加成功.
		
		3. 用命令[git commit]告诉Git,把文件提交到仓库:
			`
			$ git commit -m "wrote a readme file"
			`
			[-m]后面输入的是本次提交的说明,可以输入任意内容,内容为本次的改动记录.
			
		*4. 用命令[git commit -a -m ""]可以化上面两步为一步.
		
	* 附加:
		一些常用命令:
			一般仓库中的文件可能存在于这三种状态：
			1）Untracked files → 文件未被跟踪；
			2）Changes to be committed → 文件已缓存，这是下次提交的内容；
			3）Changes bu not updated → 文件被修改，但并没有添加到缓存区。
			git commit -m ""  只会提交添加到缓存区的文件（只提交添加的）
			git commit -a -m ""  能提交修改过，但是没有添加到缓存区的文件（修改过的就能提交）
			使用命令：git log  能查看提交历史，后面加上  --pretty=oneline  能使内容单行显示
			使用命令：git status  能让我们时刻掌握仓库当前的状态

###随时掌握工作区的状态:
	* 要随时掌握工作区的状态，使用git status命令。

	* 如果git status告诉你有文件被修改过，用[git diff]命令可以查看修改内容。
	
###版本回退
	git版本回退可以回退到最近一个commit.
	
	* 回退到上一个版本:
		1. 使用[git reset --hard HEAD^]命令可以回退到上一个提交的版本.
			`
			$ git reset --hard HEAD^
			`
			此时使用[git log --pretty=oneline]命令查看日志,发现已经回退到了上一个版本,但是最新的版本啦,但是最新的版本消失不见了
	
	* 回退到上一个版本再回到最新版本
		1. 使用[git reset --hard (commit_id)]命令可以回到指定commit_id对应的版本号
			`
			$ git reset --hard fead5d2
			`
			如果命令行窗口未关闭,可以向上查看最新版的commit_id,使用该命令回退,如果忘记了
			
	* 查看历史commit_id
		1. 使用[git reflog]查看命令历史,以便确定要回到未来哪个版本
		
	* 注意工作区和暂存区状态
		1. 用[git diff HEAD -- readme.txt]命令可以查看工作区和版本库修改区别.
			
###撤销修改
	1. 当你改乱了工作区某个文件的内容,想直接丢弃工作区的修改时,用命令[git checkout -- file]
		`
		$ git checkout -- readme.txt
		`		
	
	2. 当你不但改乱了工作区某个文件的内容,还添加到了暂存区时,想要丢弃修改,分两步,第一步用命令[git reset HEAD file],就回到了场景1,第二步,看1
		`
		$ git reset HEAD readme.txt
		`
	
	3. 已经提交了不合适的修改到版本库时,想要撤销本次提交,就是用版本回退,不过前提是没有推送到远程库.
			
###删除文件
	当你用[rm test.txt]删除一个文件时,如果该文件已提交至版本库,一般面临两种情景:
	1. 删错了，因为版本库里还有呢，所以可以很轻松地把误删的文件恢复到最新版本：
		`
		$ git checkout -- test.txt
		`
		[git checkout]其实是用版本库里的版本替换工作区的版本,如论工作区是修改还是删除,都可以"一键还原"
	
	2. 你确实想要删除这个文件:把版本库里的这个文件也删除,更新版本库
		`
		$ git rm test.txt
		
		$ git commit -m "remove test.txt"
		`
		命令git rm用于删除一个文件。如果一个文件已经被提交到版本库，那么你永远不用担心误删，但是要小心，你只能恢复文件到最新版本，你会丢失最近一次提交后你修改的内容。
			
###使用GitHub的远程仓库
	GitHub[https://github.com/],这个网站就是提供Git仓库托管服务的，所以，只要注册一个GitHub账号，就可以免费获得Git远程仓库。
	
	* 由于本地Git仓库与GitHub仓库之间是通过SSH加密的,所以需要一点设置:
		1. 创建SSH Key.在用户主目录下,看看有没有.ssh目录,如果有,再看看有没有[id_rsa]和[id_rsa.pub]这两个文件,如果已经有了,可以直接进行下一步.如果没有,打开Shell(Windows下打开GitBash)
		创建SSH Key:
			`
			$ ssh-keygen -t rsa -C "youremail@example.com"
			`
			然后一路回车，使用默认值即可，由于这个Key也不是用于军事目的，所以也无需设置密码。
			如果一切顺利的话，可以在用户主目录里找到.ssh目录，里面有id_rsa和id_rsa.pub两个文件，这两个就是SSH Key的秘钥对，id_rsa是私钥，不能泄露出去，id_rsa.pub是公钥，可以放心地告诉任何人.
		
		2. 登陆GitHub，打开“Account settings”，“SSH Keys”页面：
			然后，点“Add SSH Key”，填上任意Title，在Key文本框里粘贴id_rsa.pub文件的内容：
			点“Add Key”，你就应该看到已经添加的Key：
			
			为什么GitHub需要SSH Key呢？因为GitHub需要识别出你推送的提交确实是你推送的，而不是别人冒充的，而Git支持SSH协议，所以，GitHub只要知道了你的公钥，就可以确认只有你自己才能推送。
			当然，GitHub允许你添加多个Key。假定你有若干电脑，你一会儿在公司提交，一会儿在家里提交，只要把每台电脑的Key都添加到GitHub，就可以在每台电脑上往GitHub推送了。

	* 添加远程库
		fatal: remote origin already exists.[http://blog.csdn.net/dengjianqiang2011/article/details/9260435]
		创建GitHub远程仓库[https://www.cnblogs.com/zhouxihi/p/6181737.html]
		"ssh: connect to host github.com port 22: Connection timed out"[http://blog.csdn.net/vosang/article/details/50499300]
	
		1. 要关联一个远程库,使用命令[git remote add origin git@server -name:path/repo-name.git]
			`
			$ git remote add origin git@github.com:Mr-Zheng-yz/learngit.git
			`
		2. 关联后,使用命令[git push -u origin master]第一次推送master分支的所有内容;
			此后,每次本地提交后,只要有必要,就可以使用命令[git push origin master]推送最新修改;
			
			(分布式版本系统的最大好处之一是在本地工作完全不需要考虑远程库的存在，也就是有没有联网都可以正常工作，而SVN在没有联网的时候是拒绝干活的！当有网络的时候，再把本地提交推送一下就
			完成了同步，真是太方便了！)
			
	* 从远程库克隆
		如果从零开发，那么最好的方式是先创建远程库，然后，从远程库克隆。
		
		1. 在GitHub创建新仓库
			在GitHub上创建一个新的仓库,勾选{Initialize this repository with a README},这样GitHub会自动为我们创建一个README.md文件。
			
		2. 克隆GitHub创建的仓库到本地
			`
			$ git clone git@github.com:michaelliao/gitskills.git
			$ cd gitskills
			$ ls
			`
			
			Git支持多种协议，包括https，但通过ssh支持的原生git协议速度最快。
			https除了速度慢以外，还有个最大的麻烦是每次推送都必须输入口令
			
###分支管理
	分支在实际中有什么用呢？假设你准备开发一个新功能，但是需要两周才能完成，第一周你写了50%的代码，如果立刻提交，由于代码还没写
	完，不完整的代码库会导致别人不能干活了。如果等代码全部写完再一次提交，又存在丢失每天进度的巨大风险。

	有了分支，就不用怕了。你创建了一个属于你自己的分支，别人看不到，还继续在原来的分支上正常工作，而你在自己的分支上干活，想
	提交就提交，直到开发完毕后，再一次性合并到原来的分支上，这样，既安全，又不影响别人工作。
	
	* 创建分支与合并:
		1. 创建一个dev分支
			当我们创建新的分支，Git新建了一个指针叫dev，指向master相同的提交，再把HEAD指向dev，就表示当前分支在dev上：
			不过，从现在开始，对工作区的修改和提交就是针对dev分支了，比如新提交一次后，dev指针往前移动一步，而master指针不变:
			* 使用命令[git checkout -b dev]创建并切换dev分支
			`
			$ git checkout -b dev
			`
			[git checkout]命令加上-b参数表示创建并切换，相当于以下两条命令：
			`
			$ git branch dev
			$ git checkout dev
			`
			
		2. 在dev分支上提交修改
			命令[git commit -a -m ""]提交修改,此时切换回master分支发现刚刚提交的修改不见了!因为那个提交是在dev分支上，而master分支此刻的提交点并没有变：
		
		3. 切换到master分支
			用命令[git checkout master]切换回master分支
			`
			$ git checkout master
			`
		
		4. 将dev分支修改内容合并到master上
			就是直接把master指向dev的当前提交，就完成了合并：
			用命令[git merge dev]:
			`
			$ git merge dev
			`
			[git merge]命令用于合并指定分支.合并后,再查看修改,和dev分支的最新提交时完全一样的.
		
		5. 删除dev分支
			合并完成后,就可以删除dev分支了;删除dev分支就是把dev指针给删掉;
			用命令[git branch -d dev]:
			`
			$ git branch -d dev
			`
			GIT鼓励大量使用分支;
			
	* 冲突解决与日志查询
		1. 分支合并后发生冲突
			当其他分支与当前分支合并时发生冲突后,命令[git status]可以定位发生冲突文件,打开发生冲突的文件后,
			Git用<<<<<<<，=======，>>>>>>>标记出不同分支的内容，修改后保存:
			`
			$ git commit -a -m "冲突解决"
			`
			此时其他分支与当前分支完成合并;
			
		2. 用git log --graph命令可以看到分支合并图。
			用带参数的git log也可以看到分支的合并情况：
			`
			$ git log --graph --pretty=oneline --abbrev-commit
			`

	* 分支管理策略
		1. 通常，合并分支时，如果可能，Git会用Fast forward模式，但这种模式下，删除分支后，会丢掉分支信息。
		如果要强制禁用Fast forward模式,Git就会在merge时生成一个新的commit,这样,从分支历史上就可以看出分支信息.
		
		2. 用命令[git merge --no-ff -m "描述" dev]来合并分支
			`
			$ git merge --no-ff -m "merge with no-ff" dev
			`
			--no-ff表示禁用Fast forward模式;
			
		合并分支时，加上--no-ff参数就可以用普通模式合并，合并后的历史有分支，能看出来曾经做过合并，而fast forward合并就看不出来
		曾经做过合并。
			
	* Bug分支
		有了bug就要修复,在Git中,由于分支是如此的强大,所以,每个bug都可以通过一个新的临时分支来修复,修复后,合并分支,然后将临时分支删除.
	
		1. 保存工作现场
			场景:当你接到一个修复一个代号101的bug的任务时，很自然地，你想创建一个分支issue-101来修复它，但是，等等，当前正在
			dev上进行的工作还没有提交.Git还提供了一个stash功能，可以把当前工作现场“储藏”起来，等以后恢复现场后继续工作：
			
			用命令[git stash]命令保存工作;
			`
			$ git stash
			`
			现在，用git status查看工作区，就是干净的（除非有没有被Git管理的文件），因此可以放心地创建分支来修复bug。
		
		2. 创建分支解决bug,解决后删除临时分支
			...
		
		3. 查看分支上所保存的工作保存列表
			切换到保存工作现场的分支,使用命令[git stash list]命令来查看保存的工作;
			`
			$ git stash
			`
		
		4. 恢复工作现场
			* 
				- 恢复后stash内容不删除,用[git stash apply]命令,恢复后stash内容并不删除,这时需要[git stash drop]命令删除;
					`
					$ git stash apply
					$ git stash drop
					`
				- 恢复的同时,把stash内容也删了,用命令[git stash pop]
					`
					$ git stash pop
					`
			
		
		5. 恢复指定的工作现场
			可以多次stash,回复的时候,先用[git stash list]查看,然后回复指定的stash,用命令[git stash apply stash@{0}]
			`
			$ git stash apply stash@{0}
			`
		
		修复bug时，我们会通过创建新的bug分支进行修复，然后合并，最后删除；
		当手头工作没有完成时，先把工作现场git stash一下，然后去修复bug，修复后，再git stash pop，回到工作现场。
			
	* Feature分支
		每添加一个新功能,最好新建一个feature分支,在上面开发,合并,最后删除;
		
		1. 如果在一个分支上开发了一个新功能,正开发了一半,上面突然取消了这个功能,这时候删除这个分支:
			`
			$ git branch -d feature-vulcan
			error: The branch 'feature-vulcan' is not fully merged.
			If you are sure you want to delete it, run 'git branch -D feature-vulcan'.
			`
		这时提示:销毁时报.Git友情提醒,frature-vulcan分支还没有被合并,如果删除,将丢失修改;如果要强行删除
			,要用[git branch -D feature-vulcan]:
			`
			$ git branch -D feature-vulcan
			Deleted branch feature-vulcan (was 756d4af).
			`
			
	* 多人协作
		当从远程仓库克隆时,Git自动把本地的master分支和远程的master分支对应起来了,而且,远程仓库的默认名称是origin;
		
		1. 查看远程仓库信息,用命令[git remote],用[git remote -v]显示更详细的数据;
			`
			$ git remote -v
			`
		
		2. 推送分支,就是把该分支上的所有本地提交推送到远程库.推送时,要指定本地分支,这样,Git就会把该分支推送到远程仓库对应的远程
		分支上:
			`
			$ git push origin master
			`
		如果要推送其他分支:
			`
			$ git push origin dev
			`
			并不是一定要把本地分支往远程推送:
				- master分支是主分支,因此要时刻与远程同步;
				- dev分支是开发分支,团队所有成员都需要在上面宫锁,所以也要与远程同步;
				- bug分支只用于在本地修复bug,没必要推送到远程;
				- feature分支是否推送到远程,取决于是否还有其他小伙伴合作开发;
			
		3. 抓取分支
			当小伙伴从远程库clone项目到本地时,默认情况下,只能看到master分支
			`
			$ git branch
			* master
			`
			现在,小伙伴要在dev分支上做开发,就必须创建远程origin的dev分支到本地,用命令[git checkout -b dev origin/dev]创建本地分支;
			`
			$ git checkout -b dev origin/dev
			`
			现在,小伙伴就可以在dev上继续修改,时不时地把dev分支push到远程;
			
			如果小伙伴已经向origin/dev分支推送了他的提交,而碰巧你也对同样的文件做了修改,并试图推送,就可能发生冲突
			`
			$ git commit -a -m "addcoding"
			$ git push origin dev
			To git@github.com:michaelliao/learngit.git
			 ! [rejected]        dev -> dev (non-fast-forward)
			error: failed to push some refs to 'git@github.com:michaelliao/learngit.git'
			hint: Updates were rejected because the tip of your current branch is behind
			hint: its remote counterpart. Merge the remote changes (e.g. 'git pull')
			hint: before pushing again.
			hint: See the 'Note about fast-forwards' in 'git push --help' for details.
			`
			推送失败,出现了冲突;解决方法先用[git pull]把最新的提交从origin/dev抓取下来,然后本地合并,解决冲突,再提交
			使用命令[git pull]抓取分支
			`
			$ git pull
			remote: Counting objects: 5, done.
			remote: Compressing objects: 100% (2/2), done.
			remote: Total 3 (delta 0), reused 3 (delta 0)
			Unpacking objects: 100% (3/3), done.
			From github.com:michaelliao/learngit
			   fc38031..291bea8  dev        -> origin/dev
			There is no tracking information for the current branch.
			Please specify which branch you want to merge with.
			See git-pull(1) for details
				git pull <remote> <branch>
			If you wish to set tracking information for this branch you can do so with:
				git branch --set-upstream dev origin/<branch>
			`
			如果也失败了,说明没有指定本地dev分支与远程origin/dev分支的链接,根据提示:
			`
			$ git branch --set-upstream dev origin/dev
			Branch dev set up to track remote branch dev from origin.
			`
			再pull,合并,解决冲突,再push就可以了;
			
		4. 多人协作工作模式
			1. 首先，可以试图用git push origin branch-name推送自己的修改；
			2. 如果推送失败，则因为远程分支比你的本地更新，需要先用git pull试图合并；
			3. 如果合并有冲突，则解决冲突，并在本地提交；
			4. 没有冲突或者解决掉冲突后，再用git push origin branch-name推送就能成功！
			5. 如果git pull提示“no tracking information”，则说明本地分支和远程分支的链接关系没有创建，用命令
			git branch --set-upstream branch-name origin/branch-name。

###标签管理
	tag就是一个让人容易记住的有意义的名字，它跟某个commit绑在一起。

	* 创建标签
		1. 打标签:
			为当前commit打一个标签,用命令[git tag v1.0]
			`
			$ git tag v1.0
			`
			
		2. 打标签并添加描述:
			为当前commit打一个有描述的标签,用命令[git tag -a v1.0 -m "标签的描述"]
			`
			$ git tag -a v1.0 -m "标签的描述"
			`
			
		3. 为指定commit_id添加标签:
			先用命令[git log --pretty=oneline --abbrev-commit]查看历史commit_id;
			`
			$ git log --pretty=oneline --abbrev-commit
			143382e (HEAD -> master, tag: v1.0, origin/master, origin/HEAD, dev) add多人协作
			702986f (origin/dev) compale notsame
			20dab99 (tag: v0.9) add多人协作1example
			`
			然后,用命令[git tag -a v1.0 -m "标签的描述" <commit_id>]为当前的
			`
			$ git tag -a v1.0 -m "标签的描述" 9416fd6
			`
		4. 查看标签
			用命令[git tag]查看所有标签;
			用命令[git show v1.0]查看标签具体内容;
			`
			$ git tag
			$ git show v1.0
			`
		5. 通过-s用私钥签名一个标签:
			`
			$ git tag -s v0.2 -m "signed version 0.2 release" fec145a
			`
	
	* 操作标签
		1. 删除一个本地标签
			用命令[git tag -d <tag_name>]
			`
			$ git tag -d v0.1
			`
			
		2. 删除一个远程仓库的标签
			先删除本地该标签,再用命令[git push origin :refs/tags/v1.0]
			`
			$ git push origin :refs/tags/v1.1
			
		3. 推送一个本地标签到远程库
			用命令[git push origin <tagname>]
			`
			$ git push origin v1.0
			`
			
		4. 推送全部未推送过的本地标签
			用命令[git push origin --tags]
			`
			$ git push origin --tags
			`
			
			
			
			
			
			
			
			
			
			
			
			